
[1A
  5%|▌         | 107/2118 [01:08<21:23,  1.57it/s]
[1A
  8%|▊         | 166/2118 [01:24<18:22,  1.77it/s]
[1A
  8%|▊         | 163/2118 [01:23<13:41,  2.38it/s]
[1A
  5%|▌         | 108/2118 [01:09<20:45,  1.61it/s]
[1A
  8%|▊         | 167/2118 [01:24<17:10,  1.89it/s]
[1A
  8%|▊         | 164/2118 [01:23<14:00,  2.33it/s]
[1A
  8%|▊         | 168/2118 [01:25<15:45,  2.06it/s]
[1A
  5%|▌         | 109/2118 [01:09<18:56,  1.77it/s]
[1A
  8%|▊         | 165/2118 [01:24<15:16,  2.13it/s]
[1A
  5%|▍         | 100/2118 [01:06<27:11,  1.24it/s]
{'loss': '3.347', 'grad_norm': '1.421', 'learning_rate': '9.533e-05', 'epoch': '0.2833'}
[1A
                                                  
[1A
  5%|▍         | 100/2118 [01:06<27:11,  1.24it/s]
[1A
  8%|▊         | 169/2118 [01:25<15:03,  2.16it/s]
[1A
  8%|▊         | 166/2118 [01:24<15:02,  2.16it/s]
  5%|▌         | 110/2118 [01:10<20:10,  1.66it/s]
                                                  
[1A
{'loss': '3.234', 'grad_norm': '2.047', 'learning_rate': '9.485e-05', 'epoch': '0.3116'}
[1A
  5%|▌         | 110/2118 [01:10<20:10,  1.66it/s]
[1A
  8%|▊         | 170/2118 [01:26<14:35,  2.23it/s]
[1A
                                                  
{'loss': '3.464', 'grad_norm': '2.669', 'learning_rate': '9.202e-05', 'epoch': '0.4816'}
[1A
[1A
  8%|▊         | 170/2118 [01:26<14:35,  2.23it/s]
[1A
  5%|▍         | 101/2118 [01:06<23:39,  1.42it/s]
[1A
  8%|▊         | 167/2118 [01:25<14:27,  2.25it/s]
[1A
  5%|▌         | 111/2118 [01:10<18:44,  1.79it/s]
[1A
  5%|▍         | 102/2118 [01:07<21:20,  1.57it/s]
[1A
  8%|▊         | 168/2118 [01:25<13:40,  2.38it/s]
[1A
  8%|▊         | 171/2118 [01:26<17:30,  1.85it/s]
[1A
  5%|▌         | 112/2118 [01:11<18:10,  1.84it/s]
[1A
  5%|▍         | 103/2118 [01:07<19:18,  1.74it/s]
[1A
  5%|▍         | 104/2118 [01:08<18:12,  1.84it/s]
[1A
  8%|▊         | 169/2118 [01:26<19:16,  1.68it/s]
[1A
  8%|▊         | 172/2118 [01:27<22:19,  1.45it/s]
[1A
  5%|▍         | 105/2118 [01:08<19:25,  1.73it/s]
[1A
  5%|▌         | 113/2118 [01:12<24:58,  1.34it/s]
[1A
  8%|▊         | 170/2118 [01:27<18:53,  1.72it/s]
[1A
                                                  
{'loss': '3.395', 'grad_norm': '1.761', 'learning_rate': '9.202e-05', 'epoch': '0.4816'}
[1A
[1A
  8%|▊         | 170/2118 [01:27<18:53,  1.72it/s]
[1A
  8%|▊         | 173/2118 [01:28<19:32,  1.66it/s]
[1A
  8%|▊         | 171/2118 [01:27<16:45,  1.94it/s]
[1A
  5%|▌         | 106/2118 [01:09<19:45,  1.70it/s]
[1A
  5%|▌         | 114/2118 [01:13<23:36,  1.42it/s]
[1A
  8%|▊         | 172/2118 [01:28<16:19,  1.99it/s]
[1A
  8%|▊         | 174/2118 [01:29<21:45,  1.49it/s]
[1A
  5%|▌         | 107/2118 [01:10<18:41,  1.79it/s]
[1A
  5%|▌         | 115/2118 [01:13<21:29,  1.55it/s]
[1A
  8%|▊         | 173/2118 [01:28<15:15,  2.12it/s]
[1A
  8%|▊         | 175/2118 [01:29<19:39,  1.65it/s]
[1A
  5%|▌         | 108/2118 [01:10<17:35,  1.90it/s]
[1A
  5%|▌         | 116/2118 [01:14<20:12,  1.65it/s]
[1A
  8%|▊         | 174/2118 [01:28<14:23,  2.25it/s]
[1A
  5%|▌         | 109/2118 [01:10<17:01,  1.97it/s]
[1A
  8%|▊         | 176/2118 [01:30<19:38,  1.65it/s]
[1A
  8%|▊         | 175/2118 [01:29<15:55,  2.03it/s]
[1A
  6%|▌         | 117/2118 [01:14<22:29,  1.48it/s]
[1A
  8%|▊         | 177/2118 [01:30<18:56,  1.71it/s]
[1A
  5%|▌         | 110/2118 [01:11<17:38,  1.90it/s]
[1A
                                                  
{'loss': '3.816', 'grad_norm': '3.705', 'learning_rate': '9.485e-05', 'epoch': '0.3116'}
[1A
[1A
  5%|▌         | 110/2118 [01:11<17:38,  1.90it/s]
[1A
  8%|▊         | 176/2118 [01:29<15:08,  2.14it/s]
[1A
  8%|▊         | 178/2118 [01:31<17:07,  1.89it/s]
[1A
  6%|▌         | 118/2118 [01:15<20:37,  1.62it/s]
[1A
  5%|▌         | 111/2118 [01:12<17:39,  1.89it/s]
[1A
  8%|▊         | 179/2118 [01:31<15:27,  2.09it/s]
[1A
  5%|▌         | 112/2118 [01:12<16:47,  1.99it/s]
[1A
  8%|▊         | 177/2118 [01:30<19:06,  1.69it/s]
[1A
  8%|▊         | 180/2118 [01:31<14:41,  2.20it/s]
[1A
                                                  
{'loss': '3.219', 'grad_norm': '2.979', 'learning_rate': '9.155e-05', 'epoch': '0.5099'}
[1A
[1A
  8%|▊         | 180/2118 [01:31<14:41,  2.20it/s]
[1A
  5%|▌         | 113/2118 [01:12<16:03,  2.08it/s]
[1A
  8%|▊         | 178/2118 [01:31<16:52,  1.92it/s]
[1A
  8%|▊         | 179/2118 [01:31<19:25,  1.66it/s]
[1A
  8%|▊         | 180/2118 [01:32<17:40,  1.83it/s]
[1A
                                                  
{'loss': '3.373', 'grad_norm': '3.066', 'learning_rate': '9.438e-05', 'epoch': '0.3399'}{'loss': '3.418', 'grad_norm': '2.823', 'learning_rate': '9.155e-05', 'epoch': '0.5099'}
[1A
[1A
  8%|▊         | 180/2118 [01:32<17:40,  1.83it/s]
[1A
  6%|▌         | 121/2118 [01:17<21:50,  1.52it/s]
[1A
  9%|▊         | 182/2118 [01:33<20:56,  1.54it/s]
[1A
  9%|▊         | 181/2118 [01:32<15:54,  2.03it/s]
[1A
  9%|▊         | 182/2118 [01:32<14:39,  2.20it/s]
[1A
  9%|▊         | 184/2118 [01:34<18:09,  1.78it/s]
[1A
  9%|▊         | 183/2118 [01:33<14:04,  2.29it/s]
[1A
  5%|▌         | 116/2118 [01:15<23:07,  1.44it/s]
[1A
  9%|▊         | 185/2118 [01:34<16:32,  1.95it/s]
[1A
  9%|▊         | 184/2118 [01:33<13:18,  2.42it/s]
